I0000 00:00:1789268926.312082 6203039 engine.cc:681] Failed to get GpuArtisanConfig to set use_ringbuffers_local_attention: INVALID_ARGUMENT: Backend config is not valid. Expected type: N6litert2lm16GpuArtisanConfigEbut got: N6litert2lm9GpuConfigE
=== Source Location Trace: ===
./third_party/odml/litert_lm/runtime/executor/llm_executor_settings.h:440
INFO: [environment.cc:36] Creating LiteRT environment with options
WARNING: [npu_registry.cc:34] NPU accelerator could not be loaded and registered: kLiteRtStatusErrorInvalidArgument.
INFO: [accelerator_registry.cc:54] RegisterAccelerator: ptr=0xb4b898240, name=GPU WebGPU
INFO: [gpu_registry.cc:109] Statically linked GPU accelerator registered.
INFO: [accelerator_registry.cc:54] RegisterAccelerator: ptr=0xb4b8984e0, name=CpuAccelerator
INFO: [cpu_registry.cc:75] XNNPACK CPU accelerator registered.
INFO: [environment.cc:36] Creating LiteRT environment with options
WARNING: [npu_registry.cc:34] NPU accelerator could not be loaded and registered: kLiteRtStatusErrorInvalidArgument.
INFO: [accelerator_registry.cc:54] RegisterAccelerator: ptr=0xb4b898540, name=GPU WebGPU
INFO: [gpu_registry.cc:109] Statically linked GPU accelerator registered.
INFO: [accelerator_registry.cc:54] RegisterAccelerator: ptr=0xb4b8985a0, name=CpuAccelerator
INFO: [cpu_registry.cc:75] XNNPACK CPU accelerator registered.
W0000 00:00:1789268926.422135 6203039 litert_lm_loader.cc:291] Section not found: 	
W0000 00:00:1789268926.422159 6203039 litert_lm_loader.cc:291] Section not found: 	
INFO: [magic_number_utils.cc:101] Loaded: num_subgraphs=1340, num_signatures=4
INFO: [magic_number_utils.cc:109]   signature=decode, subgraph_index=0, num_tensors=3514, num_inputs=53, num_outputs=50, num_ops=2712
INFO: [magic_number_utils.cc:109]   signature=prefill_1024, subgraph_index=1, num_tensors=2309, num_inputs=53, num_outputs=48, num_ops=1773
INFO: [magic_number_utils.cc:109]   signature=prefill_128, subgraph_index=2, num_tensors=2309, num_inputs=53, num_outputs=48, num_ops=1773
INFO: [magic_number_utils.cc:109]   signature=verify, subgraph_index=3, num_tensors=3606, num_inputs=53, num_outputs=50, num_ops=2801
INFO: [magic_number_utils.cc:113] Magic number configs: num_configs=1
INFO: [magic_number_utils.cc:120]   config[0]: magic_number=32003, target_number=8192, signature_prefix=null
INFO: [magic_number_utils.cc:536] 577 tensors of signature decode have been updated for magic number  32003 to target number 8192
INFO: [magic_number_utils.cc:536] 426 tensors of signature prefill_1024 have been updated for magic number  32003 to target number 8192
INFO: [magic_number_utils.cc:536] 426 tensors of signature prefill_128 have been updated for magic number  32003 to target number 8192
INFO: [magic_number_utils.cc:536] 581 tensors of signature verify have been updated for magic number  32003 to target number 8192
INFO: [compiled_model.cc:835] Flatbuffer model initialized directly from incoming litert model.
INFO: [delegate_webgpu.cc:322] Create WebGPU environment (use_low_power=0, enable_host_mapped_pointer=1)
I0000 00:00:1789268926.446185 6203039 environment.cc:526] Selected adapter: Apple M5 Pro, arch=metal-3, vendor=apple, backend=Metal, adapterType=Integrated GPU
INFO: [delegate_webgpu.cc:343] Created a WebGPU environment.
INFO: [environment.cc:47] Adding options to the existing LiteRT environment
INFO: [gpu_environment.cc:367] Failed to create OpenCL context.
INFO: [gpu_environment.cc:384] Created default Metal device.
INFO: [gpu_environment.h:155] Created LiteRT GpuEnvironment.
INFO: [environment.cc:47] Adding options to the existing LiteRT environment
I0000 00:00:1789268926.461889 6203039 delegate_webgpu.cc:731] # of threads to upload weights = 2
I0000 00:00:1789268926.461911 6203039 delegate_webgpu.cc:739] # of threads to compile kernels = 1
I0000 00:00:1789268926.493933 6203039 delegate_kernel.cc:331] Total 50 external tensors are used for delegate inputs and outputs
I0000 00:00:1789268926.493955 6203039 delegate_kernel.cc:907] Initializing WebGPU-based API from serialized data.
I0000 00:00:1789268926.522559 6203039 delegate_kernel.cc:805] Initialized InferenceContext from serialized data.
I0000 00:00:1789268926.532796 6203039 delegate_kernel.cc:331] Total 49 external tensors are used for delegate inputs and outputs
I0000 00:00:1789268926.532813 6203039 delegate_kernel.cc:907] Initializing WebGPU-based API from serialized data.
I0000 00:00:1789268926.554841 6203039 delegate_kernel.cc:805] Initialized InferenceContext from serialized data.
I0000 00:00:1789268926.564303 6203039 delegate_kernel.cc:331] Total 49 external tensors are used for delegate inputs and outputs
I0000 00:00:1789268926.564313 6203039 delegate_kernel.cc:907] Initializing WebGPU-based API from serialized data.
I0000 00:00:1789268926.585525 6203039 delegate_kernel.cc:805] Initialized InferenceContext from serialized data.
I0000 00:00:1789268926.601088 6203039 delegate_kernel.cc:331] Total 50 external tensors are used for delegate inputs and outputs
I0000 00:00:1789268926.601105 6203039 delegate_kernel.cc:907] Initializing WebGPU-based API from serialized data.
I0000 00:00:1789268926.632090 6203039 delegate_kernel.cc:805] Initialized InferenceContext from serialized data.
INFO: [environment.cc:36] Creating LiteRT environment with options
WARNING: [npu_registry.cc:34] NPU accelerator could not be loaded and registered: kLiteRtStatusErrorInvalidArgument.
INFO: [accelerator_registry.cc:54] RegisterAccelerator: ptr=0xb56aaa220, name=GPU WebGPU
INFO: [gpu_registry.cc:109] Statically linked GPU accelerator registered.
INFO: [accelerator_registry.cc:54] RegisterAccelerator: ptr=0xb56aaa3a0, name=CpuAccelerator
INFO: [cpu_registry.cc:75] XNNPACK CPU accelerator registered.
INFO: [magic_number_utils.cc:101] Loaded: num_subgraphs=1, num_signatures=1
INFO: [magic_number_utils.cc:109]   signature=embedder, subgraph_index=0, num_tensors=16, num_inputs=1, num_outputs=1, num_ops=8
INFO: [magic_number_utils.cc:113] Magic number configs: num_configs=1
INFO: [magic_number_utils.cc:120]   config[0]: magic_number=32003, target_number=8192, signature_prefix=null
INFO: [compiled_model.cc:835] Flatbuffer model initialized directly from incoming litert model.
INFO: Created TensorFlow Lite XNNPACK delegate for CPU.
INFO: [magic_number_utils.cc:101] Loaded: num_subgraphs=1, num_signatures=1
INFO: [magic_number_utils.cc:109]   signature=eoa, subgraph_index=0, num_tensors=1, num_inputs=0, num_outputs=1, num_ops=0
INFO: [magic_number_utils.cc:113] Magic number configs: num_configs=1
INFO: [magic_number_utils.cc:120]   config[0]: magic_number=32003, target_number=8192, signature_prefix=null
INFO: [compiled_model.cc:835] Flatbuffer model initialized directly from incoming litert model.
INFO: [compiled_model.cc:1775] Tracked constant output tensor eoa_embedding with locked address
INFO: [magic_number_utils.cc:101] Loaded: num_subgraphs=1, num_signatures=1
INFO: [magic_number_utils.cc:109]   signature=eoi, subgraph_index=0, num_tensors=1, num_inputs=0, num_outputs=1, num_ops=0
INFO: [magic_number_utils.cc:113] Magic number configs: num_configs=1
INFO: [magic_number_utils.cc:120]   config[0]: magic_number=32003, target_number=8192, signature_prefix=null
INFO: [compiled_model.cc:835] Flatbuffer model initialized directly from incoming litert model.
INFO: [compiled_model.cc:1775] Tracked constant output tensor eoi_embedding with locked address
INFO: [magic_number_utils.cc:101] Loaded: num_subgraphs=1, num_signatures=1
INFO: [magic_number_utils.cc:109]   signature=per_layer_embedder, subgraph_index=0, num_tensors=97, num_inputs=1, num_outputs=1, num_ops=49
INFO: [magic_number_utils.cc:113] Magic number configs: num_configs=1
INFO: [magic_number_utils.cc:120]   config[0]: magic_number=32003, target_number=8192, signature_prefix=null
INFO: [compiled_model.cc:835] Flatbuffer model initialized directly from incoming litert model.
INFO: [magic_number_utils.cc:101] Loaded: num_subgraphs=30, num_signatures=1
INFO: [magic_number_utils.cc:109]   signature=mtp_drafter, subgraph_index=0, num_tensors=285, num_inputs=8, num_outputs=2, num_ops=206
INFO: [magic_number_utils.cc:113] Magic number configs: num_configs=1
INFO: [magic_number_utils.cc:120]   config[0]: magic_number=32003, target_number=8192, signature_prefix=null
INFO: [magic_number_utils.cc:536] 57 tensors of signature mtp_drafter have been updated for magic number  32003 to target number 8192
INFO: [compiled_model.cc:835] Flatbuffer model initialized directly from incoming litert model.
I0000 00:00:1789268926.678146 6203039 delegate_webgpu.cc:731] # of threads to upload weights = 2
I0000 00:00:1789268926.678179 6203039 delegate_webgpu.cc:739] # of threads to compile kernels = 1
I0000 00:00:1789268926.680552 6203039 delegate_kernel.cc:331] Total 6 external tensors are used for delegate inputs and outputs
I0000 00:00:1789268926.680561 6203039 delegate_kernel.cc:907] Initializing WebGPU-based API from serialized data.
I0000 00:00:1789268926.682385 6203039 delegate_kernel.cc:805] Initialized InferenceContext from serialized data.
W0000 00:00:1789268926.682875 6203039 sampler_factory.cc:492] WebGPU sampler not available, falling back to statically linked C API: UNAVAILABLE: ERROR: [third_party/odml/litert_lm/runtime/components/sampler_factory.cc:324]
└ Could not load shared library libLiteRtTopKWebGpuSampler.dylib: dlopen(libLiteRtTopKWebGpuSampler.dylib, 0x0005): tried: 'libLiteRtTopKWebGpuSampler.dylib' (no such file), '/System/Volumes/Preboot/Cryptexes/OSlibLiteRtTopKWebGpuSampler.dylib' (no such file), '/Users/dpthinker/.local/share/uv/python/cpython-3.12.13-macos-aarch64-none/lib/libLiteRtTopKWebGpuSampler.dylib' (no such file), '/usr/lib/libLiteRtTopKWebGpuSampler.dylib' (no such file, not in dyld cache), 'libLiteRtTopKWebGpuSampler.dylib' (no such file).
=== Source Location Trace: ===
./third_party/odml/litert/litert/cc/litert_macros.h:578
W0000 00:00:1789268926.693442 6203039 sampler_factory.cc:492] WebGPU sampler not available, falling back to statically linked C API: UNAVAILABLE: ERROR: [third_party/odml/litert_lm/runtime/components/sampler_factory.cc:324]
└ Could not load shared library libLiteRtTopKWebGpuSampler.dylib: dlopen(libLiteRtTopKWebGpuSampler.dylib, 0x0005): tried: 'libLiteRtTopKWebGpuSampler.dylib' (no such file), '/System/Volumes/Preboot/Cryptexes/OSlibLiteRtTopKWebGpuSampler.dylib' (no such file), '/Users/dpthinker/.local/share/uv/python/cpython-3.12.13-macos-aarch64-none/lib/libLiteRtTopKWebGpuSampler.dylib' (no such file), '/usr/lib/libLiteRtTopKWebGpuSampler.dylib' (no such file, not in dyld cache), 'libLiteRtTopKWebGpuSampler.dylib' (no such file).
=== Source Location Trace: ===
./third_party/odml/litert/litert/cc/litert_macros.h:578
W0000 00:00:1789268927.606922 6203056 sampler_factory.cc:492] WebGPU sampler not available, falling back to statically linked C API: UNAVAILABLE: ERROR: [third_party/odml/litert_lm/runtime/components/sampler_factory.cc:324]
└ Could not load shared library libLiteRtTopKWebGpuSampler.dylib: dlopen(libLiteRtTopKWebGpuSampler.dylib, 0x0005): tried: 'libLiteRtTopKWebGpuSampler.dylib' (no such file), '/System/Volumes/Preboot/Cryptexes/OSlibLiteRtTopKWebGpuSampler.dylib' (no such file), '/Users/dpthinker/.local/share/uv/python/cpython-3.12.13-macos-aarch64-none/lib/libLiteRtTopKWebGpuSampler.dylib' (no such file), '/usr/lib/libLiteRtTopKWebGpuSampler.dylib' (no such file, not in dyld cache), 'libLiteRtTopKWebGpuSampler.dylib' (no such file).
=== Source Location Trace: ===
./third_party/odml/litert/litert/cc/litert_macros.h:578
I0000 00:00:1789268930.277827 6203039 llm_litert_mtp_drafter.cc:298] MTP Drafter - Success rate: 0
INFO: [accelerator_registry.cc:43] DestroyAccelerator: ptr=0xb4b8985a0, name=CpuAccelerator
INFO: [accelerator_registry.cc:43] DestroyAccelerator: ptr=0xb4b898540, name=GPU WebGPU
INFO: [accelerator_registry.cc:43] DestroyAccelerator: ptr=0xb56aaa3a0, name=CpuAccelerator
INFO: [accelerator_registry.cc:43] DestroyAccelerator: ptr=0xb56aaa220, name=GPU WebGPU
