INFO: [environment.cc:36] Creating LiteRT environment with options
WARNING: [npu_registry.cc:34] NPU accelerator could not be loaded and registered: kLiteRtStatusErrorInvalidArgument.
INFO: [accelerator_registry.cc:54] RegisterAccelerator: ptr=0x1027adf60, name=GPU WebGPU
INFO: [gpu_registry.cc:109] Statically linked GPU accelerator registered.
INFO: [accelerator_registry.cc:54] RegisterAccelerator: ptr=0x82c56c000, name=CpuAccelerator
INFO: [cpu_registry.cc:75] XNNPACK CPU accelerator registered.
INFO: [compiled_model.cc:835] Flatbuffer model initialized directly from incoming litert model.
INFO: [delegate_webgpu.cc:322] Create WebGPU environment (use_low_power=0, enable_host_mapped_pointer=1)
I0000 00:00:1789293952.062434 6521706 environment.cc:526] Selected adapter: Apple M5 Pro, arch=metal-3, vendor=apple, backend=Metal, adapterType=Integrated GPU
INFO: [delegate_webgpu.cc:343] Created a WebGPU environment.
INFO: [environment.cc:47] Adding options to the existing LiteRT environment
INFO: [gpu_environment.cc:367] Failed to create OpenCL context.
INFO: [gpu_environment.cc:384] Created default Metal device.
INFO: [gpu_environment.h:155] Created LiteRT GpuEnvironment.
INFO: [environment.cc:47] Adding options to the existing LiteRT environment
I0000 00:00:1789293952.081226 6521706 delegate_webgpu.cc:731] # of threads to upload weights = 0
I0000 00:00:1789293952.081236 6521706 delegate_webgpu.cc:739] # of threads to compile kernels = 0
I0000 00:00:1789293952.081321 6521706 delegate_kernel.cc:912] Initializing WebGPU-based API from graph.
E0000 00:00:1789293952.084186 6521706 environment.cc:105] Validation error: Binding entry buffer not set.
 - While validating entries[2] against { binding: 2, visibility: ShaderStage::Compute, buffer: {type: BufferBindingType::ReadOnlyStorage, minBindingSize: 0, hasDynamicOffset: 0} }.
 - While validating [BindGroupDescriptor] against [BindGroupLayout (unlabeled)]
 - While calling [Device].CreateBindGroup([BindGroupDescriptor]).
E0000 00:00:1789293952.084205 6521706 environment.cc:105] Validation error: Binding entry buffer not set.
 - While validating entries[2] against { binding: 2, visibility: ShaderStage::Compute, buffer: {type: BufferBindingType::ReadOnlyStorage, minBindingSize: 0, hasDynamicOffset: 0} }.
 - While validating [BindGroupDescriptor] against [BindGroupLayout (unlabeled)]
 - While calling [Device].CreateBindGroup([BindGroupDescriptor]).
E0000 00:00:1789293952.084215 6521706 environment.cc:105] Validation error: Binding entry buffer not set.
 - While validating entries[2] against { binding: 2, visibility: ShaderStage::Compute, buffer: {type: BufferBindingType::ReadOnlyStorage, minBindingSize: 0, hasDynamicOffset: 0} }.
 - While validating [BindGroupDescriptor] against [BindGroupLayout (unlabeled)]
 - While calling [Device].CreateBindGroup([BindGroupDescriptor]).
E0000 00:00:1789293952.098225 6521706 environment.cc:105] Validation error: [Invalid BindGroup (unlabeled)] is invalid due to a previous error.
 - While encoding [ComputePassEncoder (unlabeled)].SetBindGroup(0, [Invalid BindGroup (unlabeled)], 0, ...).
 - While finishing [CommandEncoder (unlabeled)].
E0000 00:00:1789293952.098238 6521706 environment.cc:105] Validation error: [Invalid CommandBuffer] is invalid due to a previous error.
 - While calling [Queue].Submit([[Invalid CommandBuffer]])
INFO: [accelerator_registry.cc:43] DestroyAccelerator: ptr=0x82c56c000, name=CpuAccelerator
INFO: [accelerator_registry.cc:43] DestroyAccelerator: ptr=0x1027adf60, name=GPU WebGPU
